nameNameParts = Id "Bool1"
Not in scope
nameNameParts = Id "Bool2"
